<?xml version="1.0" encoding="UTF-8"?>
<TestRun id="5cb6689d-0948-48e4-bd0d-ebc158967e49" name="Сергей@WIN-CGT7C71VLN4 2013-11-26 03:26:08" runUser="WIN-CGT7C71VLN4\Сергей" xmlns="http://microsoft.com/schemas/VisualStudio/TeamTest/2010">
  <TestSettings name="Локальные" id="fe4e69d4-ab92-48ba-a4a2-b6284180a4be">
    <Description>Это - параметры по умолчанию для локального тестового запуска.</Description>
    <Deployment enabled="false" runDeploymentRoot="Сергей_WIN-CGT7C71VLN4 2013-11-26 03_26_08">
      <DeploymentItem filename="C:\Users\Сергей\Desktop\Project_Tetris\Tetris\Tetris\bin\Release\Tetris.exe" />
    </Deployment>
    <Execution>
      <TestTypeSpecific />
      <AgentRule name="Execution Agents">
      </AgentRule>
    </Execution>
  </TestSettings>
  <Times creation="2013-11-26T03:26:08.3987005+04:00" queuing="2013-11-26T03:26:09.6119206+04:00" start="2013-11-26T03:26:09.7480217+04:00" finish="2013-11-26T03:26:10.4507192+04:00" />
  <ResultSummary outcome="Completed">
    <Counters total="5" executed="5" passed="5" error="0" failed="0" timeout="0" aborted="0" inconclusive="0" passedButRunAborted="0" notRunnable="0" notExecuted="0" disconnected="0" warning="0" completed="0" inProgress="0" pending="0" />
  </ResultSummary>
  <TestDefinitions>
    <UnitTest name="TestFlash" storage="c:\users\сергей\desktop\project_tetris\tetris\test.tests\bin\release\test.tests.dll" id="b35e5c20-cf74-cef2-816b-d9625b9d6317">
      <Execution id="b14b32bc-355c-4432-b3e0-b51f06c1befc" />
      <TestMethod codeBase="C:/Users/Сергей/Desktop/Project_Tetris/Tetris/Test.Tests/bin/Release/Test.Tests.DLL" adapterTypeName="Microsoft.VisualStudio.TestTools.TestTypes.Unit.UnitTestAdapter, Microsoft.VisualStudio.QualityTools.Tips.UnitTest.Adapter, Version=10.0.0.0, Culture=neutral, PublicKeyToken=b03f5f7f11d50a3a" className="Test.Tests.UnitTest1, Test.Tests, Version=1.0.0.0, Culture=neutral, PublicKeyToken=null" name="TestFlash" />
    </UnitTest>
    <UnitTest name="TestStep" storage="c:\users\сергей\desktop\project_tetris\tetris\test.tests\bin\release\test.tests.dll" id="ac32ed57-1348-83d8-3200-9f71f4f909c6">
      <Execution id="8698e5da-1ddd-42f5-b819-8f6808656c86" />
      <TestMethod codeBase="C:/Users/Сергей/Desktop/Project_Tetris/Tetris/Test.Tests/bin/Release/Test.Tests.DLL" adapterTypeName="Microsoft.VisualStudio.TestTools.TestTypes.Unit.UnitTestAdapter, Microsoft.VisualStudio.QualityTools.Tips.UnitTest.Adapter, Version=10.0.0.0, Culture=neutral, PublicKeyToken=b03f5f7f11d50a3a" className="Test.Tests.UnitTest1, Test.Tests, Version=1.0.0.0, Culture=neutral, PublicKeyToken=null" name="TestStep" />
    </UnitTest>
    <UnitTest name="TestLight" storage="c:\users\сергей\desktop\project_tetris\tetris\test.tests\bin\release\test.tests.dll" id="84520288-6129-8962-40f4-d3c40a5d5acf">
      <Execution id="36343fab-2a14-4682-88d1-af97b6a97d6e" />
      <TestMethod codeBase="C:/Users/Сергей/Desktop/Project_Tetris/Tetris/Test.Tests/bin/Release/Test.Tests.DLL" adapterTypeName="Microsoft.VisualStudio.TestTools.TestTypes.Unit.UnitTestAdapter, Microsoft.VisualStudio.QualityTools.Tips.UnitTest.Adapter, Version=10.0.0.0, Culture=neutral, PublicKeyToken=b03f5f7f11d50a3a" className="Test.Tests.UnitTest1, Test.Tests, Version=1.0.0.0, Culture=neutral, PublicKeyToken=null" name="TestLight" />
    </UnitTest>
    <UnitTest name="TestTryFlash" storage="c:\users\сергей\desktop\project_tetris\tetris\test.tests\bin\release\test.tests.dll" id="ebbe2692-1027-cabf-e4b1-b46c79729bdf">
      <Execution id="dbc2a2c3-e2d4-476c-a3a0-ae0d0a5ab2a8" />
      <TestMethod codeBase="C:/Users/Сергей/Desktop/Project_Tetris/Tetris/Test.Tests/bin/Release/Test.Tests.DLL" adapterTypeName="Microsoft.VisualStudio.TestTools.TestTypes.Unit.UnitTestAdapter, Microsoft.VisualStudio.QualityTools.Tips.UnitTest.Adapter, Version=10.0.0.0, Culture=neutral, PublicKeyToken=b03f5f7f11d50a3a" className="Test.Tests.UnitTest1, Test.Tests, Version=1.0.0.0, Culture=neutral, PublicKeyToken=null" name="TestTryFlash" />
    </UnitTest>
    <UnitTest name="TestRight" storage="c:\users\сергей\desktop\project_tetris\tetris\test.tests\bin\release\test.tests.dll" id="04149d1a-e0a7-9c83-79c1-a1722519d5f7">
      <Execution id="0cffc3b7-de8a-43ad-8515-e6afcd433891" />
      <TestMethod codeBase="C:/Users/Сергей/Desktop/Project_Tetris/Tetris/Test.Tests/bin/Release/Test.Tests.DLL" adapterTypeName="Microsoft.VisualStudio.TestTools.TestTypes.Unit.UnitTestAdapter, Microsoft.VisualStudio.QualityTools.Tips.UnitTest.Adapter, Version=10.0.0.0, Culture=neutral, PublicKeyToken=b03f5f7f11d50a3a" className="Test.Tests.UnitTest1, Test.Tests, Version=1.0.0.0, Culture=neutral, PublicKeyToken=null" name="TestRight" />
    </UnitTest>
  </TestDefinitions>
  <TestLists>
    <TestList name="Отсутствующие в списке результаты" id="8c84fa94-04c1-424b-9868-57a2d4851a1d" />
    <TestList name="Все загруженные результаты" id="19431567-8539-422a-85d7-44ee4e166bda" />
  </TestLists>
  <TestEntries>
    <TestEntry testId="ebbe2692-1027-cabf-e4b1-b46c79729bdf" executionId="dbc2a2c3-e2d4-476c-a3a0-ae0d0a5ab2a8" testListId="8c84fa94-04c1-424b-9868-57a2d4851a1d" />
    <TestEntry testId="b35e5c20-cf74-cef2-816b-d9625b9d6317" executionId="b14b32bc-355c-4432-b3e0-b51f06c1befc" testListId="8c84fa94-04c1-424b-9868-57a2d4851a1d" />
    <TestEntry testId="ac32ed57-1348-83d8-3200-9f71f4f909c6" executionId="8698e5da-1ddd-42f5-b819-8f6808656c86" testListId="8c84fa94-04c1-424b-9868-57a2d4851a1d" />
    <TestEntry testId="04149d1a-e0a7-9c83-79c1-a1722519d5f7" executionId="0cffc3b7-de8a-43ad-8515-e6afcd433891" testListId="8c84fa94-04c1-424b-9868-57a2d4851a1d" />
    <TestEntry testId="84520288-6129-8962-40f4-d3c40a5d5acf" executionId="36343fab-2a14-4682-88d1-af97b6a97d6e" testListId="8c84fa94-04c1-424b-9868-57a2d4851a1d" />
  </TestEntries>
  <Results>
    <UnitTestResult executionId="dbc2a2c3-e2d4-476c-a3a0-ae0d0a5ab2a8" testId="ebbe2692-1027-cabf-e4b1-b46c79729bdf" testName="TestTryFlash" computerName="WIN-CGT7C71VLN4" duration="00:00:00.0343849" startTime="2013-11-26T03:26:09.8169337+04:00" endTime="2013-11-26T03:26:10.2327574+04:00" testType="13cdc9d9-ddb5-4fa4-a97d-d965ccfc6d4b" outcome="Passed" testListId="8c84fa94-04c1-424b-9868-57a2d4851a1d" relativeResultsDirectory="dbc2a2c3-e2d4-476c-a3a0-ae0d0a5ab2a8">
    </UnitTestResult>
    <UnitTestResult executionId="b14b32bc-355c-4432-b3e0-b51f06c1befc" testId="b35e5c20-cf74-cef2-816b-d9625b9d6317" testName="TestFlash" computerName="WIN-CGT7C71VLN4" duration="00:00:00.0016773" startTime="2013-11-26T03:26:10.2550946+04:00" endTime="2013-11-26T03:26:10.2661018+04:00" testType="13cdc9d9-ddb5-4fa4-a97d-d965ccfc6d4b" outcome="Passed" testListId="8c84fa94-04c1-424b-9868-57a2d4851a1d" relativeResultsDirectory="b14b32bc-355c-4432-b3e0-b51f06c1befc">
    </UnitTestResult>
    <UnitTestResult executionId="8698e5da-1ddd-42f5-b819-8f6808656c86" testId="ac32ed57-1348-83d8-3200-9f71f4f909c6" testName="TestStep" computerName="WIN-CGT7C71VLN4" duration="00:00:00.0040383" startTime="2013-11-26T03:26:10.2737456+04:00" endTime="2013-11-26T03:26:10.2881046+04:00" testType="13cdc9d9-ddb5-4fa4-a97d-d965ccfc6d4b" outcome="Passed" testListId="8c84fa94-04c1-424b-9868-57a2d4851a1d" relativeResultsDirectory="8698e5da-1ddd-42f5-b819-8f6808656c86">
    </UnitTestResult>
    <UnitTestResult executionId="0cffc3b7-de8a-43ad-8515-e6afcd433891" testId="04149d1a-e0a7-9c83-79c1-a1722519d5f7" testName="TestRight" computerName="WIN-CGT7C71VLN4" duration="00:00:00.0009835" startTime="2013-11-26T03:26:10.2971051+04:00" endTime="2013-11-26T03:26:10.3080929+04:00" testType="13cdc9d9-ddb5-4fa4-a97d-d965ccfc6d4b" outcome="Passed" testListId="8c84fa94-04c1-424b-9868-57a2d4851a1d" relativeResultsDirectory="0cffc3b7-de8a-43ad-8515-e6afcd433891">
    </UnitTestResult>
    <UnitTestResult executionId="36343fab-2a14-4682-88d1-af97b6a97d6e" testId="84520288-6129-8962-40f4-d3c40a5d5acf" testName="TestLight" computerName="WIN-CGT7C71VLN4" duration="00:00:00.0010477" startTime="2013-11-26T03:26:10.3159747+04:00" endTime="2013-11-26T03:26:10.3281069+04:00" testType="13cdc9d9-ddb5-4fa4-a97d-d965ccfc6d4b" outcome="Passed" testListId="8c84fa94-04c1-424b-9868-57a2d4851a1d" relativeResultsDirectory="36343fab-2a14-4682-88d1-af97b6a97d6e">
    </UnitTestResult>
  </Results>
</TestRun>