<?xml version="1.0" encoding="UTF-8"?>
<TestRun id="6168aa73-8120-433c-b19c-c606e7beff4b" name="Сергей@WIN-CGT7C71VLN4 2013-11-26 01:58:06" runUser="WIN-CGT7C71VLN4\Сергей" xmlns="http://microsoft.com/schemas/VisualStudio/TeamTest/2010">
  <TestSettings name="Локальные" id="fe4e69d4-ab92-48ba-a4a2-b6284180a4be">
    <Description>Это - параметры по умолчанию для локального тестового запуска.</Description>
    <Deployment enabled="false" runDeploymentRoot="Сергей_WIN-CGT7C71VLN4 2013-11-26 01_58_06">
      <DeploymentItem filename="C:\Users\Сергей\Desktop\Tetris2\Tetris\Tetris\bin\Release\Tetris.exe" />
    </Deployment>
    <Execution>
      <TestTypeSpecific />
      <AgentRule name="Execution Agents">
      </AgentRule>
    </Execution>
  </TestSettings>
  <Times creation="2013-11-26T01:58:06.5806517+04:00" queuing="2013-11-26T01:58:08.8350009+04:00" start="2013-11-26T01:58:09.0320288+04:00" finish="2013-11-26T01:58:41.5151839+04:00" />
  <ResultSummary outcome="Error">
    <Counters total="1" executed="1" error="0" failed="0" timeout="0" aborted="1" inconclusive="0" passedButRunAborted="0" notRunnable="0" notExecuted="0" disconnected="0" warning="0" passed="0" completed="0" inProgress="0" pending="0" />
    <RunInfos>
      <RunInfo computerName="WIN-CGT7C71VLN4" outcome="Error" timestamp="2013-11-26T01:58:41.5139619+04:00">
        <Text>Неожиданный выход из тестового хост-процесса.</Text>
      </RunInfo>
    </RunInfos>
  </ResultSummary>
  <TestDefinitions>
    <UnitTest name="TestStep" storage="c:\users\сергей\desktop\tetris2\tetris\test.tests\bin\release\test.tests.dll" id="ac32ed57-1348-83d8-3200-9f71f4f909c6">
      <Execution id="f4f06769-478a-4053-839d-174859928c0b" />
      <TestMethod codeBase="C:/Users/Сергей/Desktop/Tetris2/Tetris/Test.Tests/bin/Release/Test.Tests.DLL" adapterTypeName="Microsoft.VisualStudio.TestTools.TestTypes.Unit.UnitTestAdapter, Microsoft.VisualStudio.QualityTools.Tips.UnitTest.Adapter, Version=10.0.0.0, Culture=neutral, PublicKeyToken=b03f5f7f11d50a3a" className="Test.Tests.UnitTest1, Test.Tests, Version=1.0.0.0, Culture=neutral, PublicKeyToken=null" name="TestStep" />
    </UnitTest>
  </TestDefinitions>
  <TestLists>
    <TestList name="Отсутствующие в списке результаты" id="8c84fa94-04c1-424b-9868-57a2d4851a1d" />
    <TestList name="Все загруженные результаты" id="19431567-8539-422a-85d7-44ee4e166bda" />
  </TestLists>
  <TestEntries>
    <TestEntry testId="ac32ed57-1348-83d8-3200-9f71f4f909c6" executionId="f4f06769-478a-4053-839d-174859928c0b" testListId="8c84fa94-04c1-424b-9868-57a2d4851a1d" />
  </TestEntries>
  <Results>
    <UnitTestResult executionId="f4f06769-478a-4053-839d-174859928c0b" testId="ac32ed57-1348-83d8-3200-9f71f4f909c6" testName="TestStep" computerName="WIN-CGT7C71VLN4" duration="00:00:32.3841245" startTime="2013-11-26T01:58:09.1310594+04:00" endTime="2013-11-26T01:58:41.5151839+04:00" testType="13cdc9d9-ddb5-4fa4-a97d-d965ccfc6d4b" outcome="Aborted" testListId="8c84fa94-04c1-424b-9868-57a2d4851a1d" relativeResultsDirectory="f4f06769-478a-4053-839d-174859928c0b">
    </UnitTestResult>
  </Results>
</TestRun>